data/runs/860a83f6-0789-453b-9cc1-807db9d0031d/panel.csv
t,firm_id,price,cost,quantity,profit
0,0,1.2,1.0,3000.4160823719058,600.0832164743811
1,0,1.32951872861795,1.12951872861795,2817.436679843048,563.4873359686094
2,0,1.2997147071023598,1.0997147071023599,2773.785312528591,554.7570625057181
3,0,3.197639789095699,1.1976397890956993,1247.143186116662,2494.2863722333236
4,0,3.935208067424824,1.3352080674248243,907.6090751329666,2359.783595345713
5,0,3.2359080713207913,1.2359080713207915,1206.7385344172085,2413.4770688344165
6,0,3.1328332475137683,1.1328332475137688,1319.0736841257888,2638.147368251577
7,0,2.7465149944335137,1.146514994433514,2290.1965073956694,3664.31441183307
8,0,2.7131292934461255,1.1131292934461254,3170.187066233589,5072.299305973743
9,0,2.8747250341646113,1.2747250341646117,3092.7487878629713,4948.398060580753
10,0,2.801041012482384,1.2010410124823843,3146.4372061339363,5034.299529814298
11,0,2.762972414609836,1.162972414609836,3171.360856583693,5074.177370533908
12,0,2.776680711291044,1.1766807112910442,3004.3254140575236,4806.920662492037
13,0,2.7109866147901904,1.1109866147901903,2971.824127444516,4754.918603911226
14,0,2.809161141230664,1.2091611412306642,2856.4992640091214,4570.398822414594
15,0,2.822159414292021,1.2221594142920216,2018.7039014087613,3229.9262422540173
16,0,2.794765008335328,1.1947650083353278,2927.35718678295,4683.7714988527205
17,0,4.133525714160432,1.3335257141604322,1886.824608101316,5283.108902683684
18,0,4.142058478805971,1.342058478805971,1894.1087732810151,5303.504565186843
19,0,4.164485879211023,1.3644858792110237,1876.7803757038503,5254.98505197078
20,0,4.1485631526978155,1.348563152697816,1928.8268641858097,5400.715219720267
21,0,4.232218947630491,1.4322189476304907,1841.6238178017716,5156.546689844961
22,0,4.174711902229829,1.3747119022298286,1828.8925773579022,5120.899216602126
23,0,4.087280323497555,1.2872803234975552,1849.761201983654,5179.331365554231
24,0,4.09842828041595,1.2984282804159502,1776.8482430938232,4975.175080662704
25,0,4.009110915962864,1.2091109159628648,1872.7959393393905,5243.828630150293
26,0,1.651331786153504,1.251331786153504,3686.846559436164,1474.7386237744654
27,0,4.119733960189485,1.3197339601894855,1879.9213088932704,5263.779664901157
28,0,4.0359054100020835,1.2359054100020832,1110.7339324958207,3110.0550109882984
29,0,3.877175226678682,1.077175226678682,1994.4612538205422,5584.491510697518
30,0,3.7654389390781953,0.9654389390781957,2126.855289727096,5955.194811235869
31,0,3.8228871951334122,1.0228871951334124,2434.6254848070944,6816.951357459864
32,0,4.0023856678740195,1.20238566787402,1972.717394557317,5523.608704760487
33,0,2.7579061396250233,1.1579061396250234,3130.1992091733255,5008.31873467732
34,0,4.000763545230888,1.2007635452308885,2107.715874141565,5901.604447596382
35,0,4.018306716552566,1.2183067165525663,2097.337440844699,5872.544834365156
36,0,3.982617707759947,1.1826177077599471,2093.7731329011067,5862.564772123098
37,0,4.1152624456835305,1.3152624456835302,1999.125504052617,5597.551411347328
38,0,4.103197777242363,1.3031977772423633,1920.5514452917716,5377.544046816959
39,0,4.143300126001834,1.3433001260018338,1943.8980668550746,5442.914587194208
40,0,4.110581483615223,1.3105814836152232,1947.0114937853866,5451.632182599083
41,0,4.056548291887882,1.2565482918878828,1924.0791107047123,5387.421509973194
42,0,4.061832071904597,1.2618320719045972,1342.7093106161076,3759.586069725101
43,0,4.066204962511413,1.266204962511413,1975.372396699153,5531.042710757628
44,0,2.5131310570648537,1.313131057064854,3209.1272451303303,3850.9526941563954
45,0,4.271159402072669,1.2711594020726693,1697.1214019711988,5091.364205913596
46,0,3.8202101986305133,1.0202101986305132,2053.883203964903,5750.872971101728
47,0,3.7855126156406054,0.9855126156406057,2072.859393760144,5804.006302528403
48,0,3.7536980070920016,0.9536980070920017,2300.612559258165,6441.715165922862
49,0,3.6760294456296165,0.8760294456296166,2317.1328053200723,6487.971854896202
50,0,3.702188205917095,0.9021882059170953,2428.4901764121378,6799.772493953986
51,0,3.5900217602148965,0.7900217602148968,2602.469009827467,7286.913227516907
52,0,3.4877593986079116,0.6877593986079119,2807.6352296739806,7861.378643087145
53,0,3.457406287387516,0.6574062873875163,2727.279915446816,7636.383763251085
54,0,3.417495511464688,0.6174955114646882,2793.5865876580474,7822.042445442532
55,0,3.604930335047005,0.8049303350470053,2630.936089270325,7366.621049956909
56,0,3.663148634371229,0.8631486343712291,2504.322927562837,7012.104197175943
57,0,3.785918179204354,0.9859181792043541,2147.475284883425,6012.93079767359
58,0,3.684365412718912,0.8843654127189121,1792.510309070328,5019.028865396918
59,0,3.796865809462379,0.9968658094623789,2328.7653174667576,6520.542888906921
60,0,3.8525998619141415,1.052599861914142,2309.3338340428086,6466.1347353198635
61,0,3.7178511173510116,0.9178511173510117,2388.997609254428,6689.193305912398
62,0,3.8136635701368795,0.8136635701368796,2216.6147700031956,6649.8443100095865
63,0,3.8578548354007225,0.8578548354007223,1431.288158320327,4293.864474960981
64,0,3.6022270038511617,0.8022270038511619,2405.9171128862995,6736.567916081638
65,0,3.662501762272558,0.8625017622725584,2342.8502609407137,6559.980730633998
66,0,3.478334153371928,0.6783341533719282,1878.5357951429303,5259.900226400205
67,0,3.3952606594673775,0.5952606594673777,2716.128268163634,7605.159150858174
68,0,3.373239303846068,0.5732393038460686,1775.8887548408773,4972.488513554456
69,0,3.424455056641641,0.6244550566416415,2643.421802276203,7401.581046373368
70,0,3.4164146411378833,0.6164146411378834,2767.633230363027,7749.373045016475
71,0,3.5777370618898634,0.7777370618898637,2702.0178933589063,7565.650101404937
72,0,3.5551999710854387,0.7551999710854387,2739.53355167872,7670.693944700415
73,0,3.546780450677251,0.7467804506772513,2743.451222025496,7681.663421671388
74,0,3.6625375890201166,0.862537589020117,2637.638659156117,7385.388245637127
75,0,3.5568242660639653,0.7568242660639655,2673.7873869710925,7486.604683519058
76,0,3.4851136938054506,0.6851136938054505,2813.3323361617136,7877.330541252797
77,0,2.927557581081537,0.727557581081537,3129.8726386314906,6885.719804989279
78,0,3.0073456872786504,0.8073456872786506,3116.846416049802,6857.0621153095635
79,0,2.969601219686917,0.7696012196869174,3140.006851911896,6908.01507420617
80,0,0.9132952226463846,0.7132952226463847,4096.594012551739,819.3188025103476
81,0,2.8523241632723857,0.6523241632723861,2464.8138746495006,5422.590524228901
82,0,2.752511732445182,0.5525117324451823,3182.8661587426777,7002.30554923389
83,0,2.7890224497882583,0.5890224497882586,3174.087900616132,6982.99338135549
84,0,2.784349905717854,0.584349905717854,3146.9732122862547,6923.34106702976
85,0,3.499551397309783,0.49955139730978326,1406.659397733985,4219.978193201955
86,0,2.524986333083071,0.32498633308307145,3292.344194210608,7243.157227263337
87,0,2.529386939249394,0.3293869392493941,3292.9961422588235,7244.591512969411
88,0,2.5131581050523994,0.31315810505239955,3315.24039174331,7293.528861835281
89,0,2.372991630843256,0.1729916308432564,3681.823115388077,8100.010853853769
90,0,2.43193012107081,0.23193012107081054,3278.670216727851,7213.074476801271
91,0,1.8160493276215846,0.21604932762158474,3576.555173265482,5722.488277224771
92,0,2.569452468152176,0.3694524681521766,3168.967473817366,6971.728442398205
93,0,2.348324514415946,0.14832451441594655,3306.540900592326,7274.389981303117
94,0,2.341533966629909,0.14153396662990925,3110.84030336028,6843.8486673926145
95,0,2.3073865441926764,0.10738654419267657,2981.438544807218,6559.164798575879
96,0,2.1999999999999997,0.0,3211.419024786048,7065.121854529304
97,0,2.273953576301141,0.07395357630114162,3175.9895961887737,6987.177111615301
98,0,2.2499364160937128,0.04993641609371306,3230.3235013382596,7106.711702944171
99,0,2.7055095044487505,0.1055095044487506,2947.741472245605,7664.1278278385735
0,1,1.2,1.0,3000.4160823719058,600.0832164743811
1,1,1.1433210037677362,0.9433210037677362,3092.3346482596635,618.4669296519326
2,1,1.0622607553784698,0.8622607553784697,3123.4554406676366,624.6910881335275
3,1,0.9489898476027874,0.7489898476027874,3838.8792242953264,767.7758448590652
4,1,0.9831746624240267,0.7831746624240267,3971.2272401049936,794.245448020999
5,1,0.9063336943599931,0.706333694359993,3867.887462930031,773.5774925860064
6,1,0.9955688984383175,0.7955688984383175,3840.343863361766,768.0687726723535
7,1,2.139908957929939,0.9399089579299393,3101.6698979849384,3722.0038775819253
8,1,4.078670733562125,1.0786707335621248,1601.626823727597,4804.880471182791
9,1,4.081769246000377,1.0817692460003772,1691.3688388608564,5074.106516582569
10,1,4.066437114583306,1.0664371145833063,1671.2514482497756,5013.754344749327
11,1,4.033574362415116,1.0335743624151161,1680.1109185205835,5040.332755561751
12,1,4.1607170190528855,1.1607170190528857,1503.8596465659807,4511.578939697942
13,1,4.188037393596746,1.1880373935967459,1419.9910364045488,4259.973109213646
14,1,4.225192775813222,1.2251927758132226,1407.1706036106812,4221.511810832044
15,1,2.026056931547603,1.2260569315476033,3005.6892634593387,2404.5514107674703
16,1,4.34046506264014,1.3404650626401402,1351.547192604603,4054.641577813809
17,1,4.342183636214567,1.3421836362145665,1699.8947774983972,5099.6843324951915
18,1,4.282659225239768,1.2826592252397677,1765.5249183832098,5296.57475514963
19,1,4.290532356590848,1.290532356590848,1762.149734787887,5286.449204363661
20,1,4.450420237009799,1.4504202370097987,1658.6158571608803,4975.847571482641
21,1,4.52259274634154,1.52259274634154,1592.7479465373592,4778.243839612078
22,1,4.488376410773454,1.488376410773454,1563.424144735884,4690.272434207653
23,1,4.4852240074801895,1.4852240074801895,1516.0142831194369,4548.04284935831
24,1,4.608119958483023,1.6081199584830232,1377.1212999338816,4131.363899801645
25,1,4.810388699116202,1.810388699116202,1254.5708694110972,3763.7126082332916
26,1,4.807724213318226,1.8077242133182252,760.769611144256,2282.3088334327686
27,1,4.827118940967311,1.8271189409673105,1319.8755193190589,3959.6265579571764
28,1,4.807387526770813,1.807387526770813,755.239726861206,2265.7191805836183
29,1,4.830135413309856,1.8301354133098562,1238.4912096525106,3715.473628957532
30,1,4.869238220765107,1.869238220765107,1224.7599408517378,3674.2798225552133
31,1,4.968094714114194,1.9680947141141942,1373.2623414079062,4119.787024223719
32,1,4.79801932208156,1.7980193220815597,1325.2420914334689,3975.7262743004067
33,1,4.716138268124457,1.7161382681244568,1175.8374103116191,3527.512230934857
34,1,4.7211209822664735,1.7211209822664737,1470.2406847553316,4410.722054265994
35,1,4.808388936461351,1.8083889364613508,1412.8762849928212,4238.628854978464
36,1,4.789802490292324,1.7898024902923244,1398.4652339374002,4195.3957018122
37,1,4.761437378460245,1.7614373784602457,1447.1880106896829,4341.564032069048
38,1,4.802959469101879,1.8029594691018789,1353.5510006919167,4060.65300207575
39,1,4.7164899766260575,1.7164899766260573,1459.5093894228273,4378.528168268482
40,1,4.617062833011738,1.6170628330117378,1511.4280841901846,4534.284252570554
41,1,4.637714430554508,1.6377144305545082,1438.8790887729958,4316.637266318988
42,1,4.580302665697424,1.5803026656974237,1036.090141710279,3108.2704251308373
43,1,4.577571885203357,1.5775718852033562,1529.7028097194798,4589.10842915844
44,1,4.816267965061833,1.8162679650618327,1014.5351831045418,3043.6055493136255
45,1,4.787089893316049,1.7870898933160482,1311.2334737818862,3933.7004213456594
46,1,4.985372573169904,1.985372573169904,1147.0014013466043,3441.0042040398134
47,1,5.082403092351489,2.082403092351489,1083.8112512341854,3251.4337537025567
48,1,5.199841421707422,2.1998414217074216,1116.3938459736476,3349.1815379209434
49,1,5.207633944758534,2.2076339447585345,1077.3758457914525,3232.127537374357
50,1,5.059522721569294,2.2595227215692946,1231.9551741657135,3449.4744876639975
51,1,5.274956992364973,2.274956992364973,1120.7442768603144,3362.2328305809433
52,1,5.33098203835553,2.33098203835553,1117.0946516670804,3351.2839550012413
53,1,5.349432380389386,2.3494323803893864,1058.9646632463446,3176.8939897390333
54,1,5.266359599109274,2.2663595991092738,1108.3741831448108,3325.1225494344326
55,1,5.335622857181969,2.3356228571819684,1107.3762175862626,3322.128652758788
56,1,5.24126936003255,2.241269360032551,1137.6423953955812,3412.927186186743
57,1,3.7886343336805126,1.9886343336805128,2144.5608270570506,3860.2094887026906
58,1,2.7092206760891324,1.9092206760891326,2918.84915331349,2335.0793226507917
59,1,4.892980350136072,1.8929803501360718,1346.1934595429045,4038.5803786287133
60,1,4.934134144355723,1.9341341443557232,1344.728263663458,4034.1847909903736
61,1,5.007030075655888,2.007030075655888,1253.9322184286052,3761.7966552858156
62,1,5.045157483061933,2.0451574830619332,1197.4977809525196,3592.4933428575587
63,1,2.23993011580352,2.0399301158035197,3214.0673059897827,642.813461197957
64,1,5.123268597325977,2.123268597325976,1124.5808293025987,3373.7424879077967
65,1,5.135293984954153,2.1352939849541523,1121.842179277412,3365.5265378322365
66,1,5.082181964499473,2.0821819644994726,842.4581727798196,2527.374518339459
67,1,5.031304479841824,2.031304479841823,1198.6375362048366,3595.91260861451
68,1,4.825695620588837,1.8256956205888373,859.0508570495837,2577.1525711487507
69,1,4.899164472392886,1.8991644723928867,1264.5540207453898,3793.6620622361697
70,1,4.8728323532662055,1.8728323532662055,1336.138409175095,4008.4152275252845
71,1,5.009013811947436,2.009013811947436,1320.9623007985892,3962.8869023957677
72,1,4.853391545926269,1.853391545926269,1431.4556761754754,4294.367028526426
73,1,4.8144887178138,1.8144887178137998,1455.5190382355995,4366.557114706799
74,1,4.812573025503831,1.8125730255038301,1484.1858182643375,4452.557454793013
75,1,4.76342789394878,1.7634278939487804,1462.5685200552296,4387.705560165688
76,1,4.794199773682963,1.794199773682963,1462.031088632548,4386.093265897644
77,1,4.6444619869816,1.6444619869816006,1326.4949800631493,3979.4849401894476
78,1,4.610950431676674,1.6109504316766734,1397.9674417387487,4193.902325216247
79,1,4.548461317624609,1.5484613176246091,1425.8882218017247,4277.664665405175
80,1,4.495722268786361,1.4957222687863614,683.1385238224758,2049.415571467427
81,1,2.570568209384845,1.3705682093848455,2837.701161870762,3405.241394244914
82,1,4.4438098674683975,1.4438098674683975,1366.336446217415,4099.009338652245
83,1,4.419095044355779,1.419095044355779,1404.9251374226521,4214.775412267956
84,1,4.434529430820598,1.434529430820598,1378.9899947577728,4136.969984273319
85,1,1.6321758418240138,1.4321758418240138,3578.363058525159,715.6726117050316
86,1,4.3121680914199025,1.3121680914199023,1347.1738489691988,4041.5215469075965
87,1,4.220696883294702,1.2206968832947016,1413.604548760171,4240.813646280512
88,1,4.373666362131252,1.373666362131252,1307.7080291743443,3923.1240875230333
89,1,4.364201779614728,1.3642017796147283,1360.4329122268252,4081.298736680475
90,1,4.45543209982395,1.4554320998239498,1192.0647994073975,3576.1943982221924
91,1,4.319106286874526,1.3191062868745251,1023.1351763446056,3069.4055290338174
92,1,4.154392073148307,1.1543920731483064,1434.6716594637314,4304.014978391195
93,1,4.061595600527927,1.0615956005279263,1403.9182181895148,4211.7546545685445
94,1,3.37639840914829,0.9763984091482901,1854.2135843860372,4450.112602526489
95,1,2.9944888861912378,1.194488886191238,2114.576902097363,3806.238423775253
96,1,3.696025055241804,1.2960250552418042,1519.984862057486,3647.9636689379663
97,1,3.637094928339468,1.2370949283394677,1606.485046811582,3855.564112347797
98,1,3.56849859053039,1.16849859053039,1670.7977386960802,4009.914572870592
99,1,3.4954792821696197,1.0954792821696198,1985.8645991683186,4766.075038003964
