data/runs/860a83f6-0789-453b-9cc1-807db9d0031d/panel.csv
t,firm_id,price,cost,quantity,profit
0,2,3.4,1.0,998.7517528842826,2397.004206922278
1,2,3.4053901083143225,1.0053901083143226,997.8940236376242,2394.9456567302977
2,2,3.381967282758863,0.9819672827588632,979.303806136135,2350.3291347267236
3,2,3.494526438269241,1.094526438269241,1075.0983652926855,2580.236076702445
4,2,3.4619116625966324,1.0619116625966325,1149.9364446570464,2759.8474671769113
5,2,3.4999608530059714,1.0999608530059717,1057.4865397227297,2537.9676953345506
6,2,3.6862155977345594,1.2862155977345595,1000.238589150679,2400.5726139616295
7,2,3.5842602814262117,1.184260281426212,1506.4636966344542,3615.512871922689
8,2,3.5772421430257233,1.1772421430257234,2057.9990438052255,4939.197705132541
9,2,3.6270593684549444,1.2270593684549445,2123.133585413201,5095.520604991682
10,2,3.6717319881153117,1.2717319881153115,2035.8741394823523,4886.097934757647
11,2,3.7079635940944335,1.3079635940944334,1977.1673683120302,4745.201683948873
12,2,3.1542388629647884,1.3542388629647886,2487.489525318972,4477.481145574149
13,2,2.9505396186072748,1.1505396186072747,2636.3607087064206,4745.449275671557
14,2,2.801009873204263,1.0010098732042632,2868.1650661900985,5162.697119142177
15,2,2.8710873591494224,1.0710873591494223,1969.917571672562,3545.8516290106118
16,2,2.888203793552517,1.088203793552517,2793.7384338294964,5028.729180893093
17,2,3.0728688317936017,1.2728688317936019,3206.640307200143,5771.952552960257
18,2,3.1119765988244747,1.3119765988244747,3170.1831541678876,5706.329677502198
19,2,3.109502555898861,1.3095025558988613,3180.5349447541316,5724.962900557436
20,2,3.1321651796464076,1.332165179646408,3206.2786393266547,5771.301550787977
21,2,3.076112297237473,1.276112297237473,3282.8141178304345,5909.065412094782
22,2,2.991961322791664,1.1919613227916641,3303.8416389531067,5946.914950115592
23,2,2.9192042200816486,1.1192042200816488,3317.112257448455,5970.802063407218
24,2,2.787066953403582,0.9870669534035823,3423.0152284861474,6161.4274112750645
25,2,2.795175572628726,0.9951755726287264,3436.3165956247567,6185.369872124562
26,2,3.0137766055816444,1.2137766055816444,1865.537269983415,3357.967085970147
27,2,2.934583179418136,1.134583179418136,3400.1015858938354,6120.182854608903
28,2,1.4401296740344236,1.0401296740344237,4067.013170321487,1626.8052681285944
29,2,2.820087755158805,1.0200877551588048,3383.5237682634734,6090.342782874252
30,2,2.8722744314703426,1.0722744314703427,3324.1923847105827,5983.546292479048
31,2,3.3422149315599268,0.9422149315599269,3096.056086892499,7430.534608541997
32,2,2.9426799210116097,1.1426799210116099,3351.020257004607,6031.836462608292
33,2,3.15714631894023,1.3571463189402302,2563.76417134173,4614.775508415113
34,2,3.158794860286628,1.3587948602866284,3211.021720551552,5779.839096992792
35,2,3.1454791903904358,1.345479190390436,3244.89313708124,5840.8076467462315
36,2,3.1008564751522623,1.3008564751522624,3253.880816580747,5856.985469845344
37,2,3.126921053736569,1.326921053736569,3276.84324262885,5898.31783673193
38,2,2.982786086419263,1.1827860864192627,3362.9487770081564,6053.307798614682
39,2,3.085878558039863,1.285878558039863,3298.2962718610493,5936.933289349888
40,2,3.0731156368437644,1.2731156368437646,3270.7802110122143,5887.4043798219855
41,2,2.9664048869662256,1.166404886966226,3318.520900261146,5973.337620470062
42,2,1.975637506714117,1.175637506714117,3810.6002738368065,3048.4802190694454
43,2,3.071971053509758,1.271971053509758,3247.462396790684,5845.4323142232315
44,2,2.959489418241146,1.1594894182411464,2567.2103266347985,4620.978587942637
45,2,2.825889043871119,1.025889043871119,3495.822562123458,6292.480611822223
46,2,2.8123840246749383,1.0123840246749385,3399.5576973442458,6119.203855219642
47,2,2.7831162621907186,0.983116262190719,3421.6646775028353,6158.9964195051025
48,2,3.0373640124086627,1.2373640124086631,3291.496797384093,5924.694235291367
49,2,2.9671822786406494,1.1671822786406496,3302.745674444238,5944.942213999628
50,2,3.169404999554005,1.369404999554005,3169.7773247110745,5705.599184479935
51,2,3.215520989157062,1.4155209891570624,3138.39335665611,5649.108041980998
52,2,3.330286002824117,1.5302860028241172,3037.6350593294696,5467.743106793045
53,2,3.196779235764132,1.396779235764132,3106.8777106534194,5592.379879176155
54,2,3.2425078803546667,1.442507880354667,3049.019614598571,5488.235306277427
55,2,3.257004620209832,1.4570046202098321,3130.8438465717063,5635.518923829071
56,2,3.1860411815918814,1.3860411815918818,3179.017338520791,5722.231209337422
57,2,3.217073526282024,1.417073526282024,2853.9819440297624,5137.167499253572
58,2,3.125995646575032,1.325995646575032,2369.7913843026918,4265.624491744845
59,2,3.184803507381572,1.384803507381572,3162.520611495169,5692.537100691304
60,2,3.217182606292283,1.417182606292283,3172.968951146867,5711.34411206436
61,2,3.146758000729105,1.346758000729105,3178.5350861584834,5721.363155085271
62,2,3.022062049885194,1.2220620498851937,3292.943724522142,5927.2987041398555
63,2,3.0528534806672036,1.2528534806672036,2140.5772297001067,3853.039013460192
64,2,3.01018541083996,1.2101854108399601,3234.751028905551,5822.551852029992
65,2,2.9970938012476616,1.197093801247662,3267.653779890937,5881.776803803686
66,2,2.1556251588756767,1.355625158875677,3639.503016038625,2911.6024128308995
67,2,3.168239465345767,1.3682394653457672,3042.617097815765,5476.710776068377
68,2,1.9146411756682036,1.3146411756682037,3682.530194054769,2209.518116432861
69,2,3.140937040670377,1.3409370406703771,3046.0120884892035,5482.821759280566
70,2,3.290068282129537,1.490068282129537,2948.114180230939,5306.60552441569
71,2,3.376184979545476,1.5761849795454763,2988.5099029212524,5379.317825258254
72,2,3.4313750566180987,1.6313750566180987,2914.5053860729026,5246.109694931225
73,2,3.435437321319725,1.6354373213197249,2900.514869869452,5220.926765765013
74,2,3.4461072323914,1.6461072323914,2939.0877612897725,5290.35797032159
75,2,3.372568017392982,1.5725680173929821,2931.8220464868396,5277.279683676311
76,2,3.450589251691081,1.6505892516910816,2862.318287602869,5152.172917685163
77,2,3.447171025313514,1.6471710253135143,2413.7597426738685,4344.767536812962
78,2,3.5566107960723157,1.7566107960723158,2368.339726161648,4263.011507090966
79,2,3.5973716430893354,1.7973716430893358,2294.0980743744844,4129.376533874071
80,2,3.5004006516710304,1.7004006516710306,1123.6734510740448,2022.6122119332804
81,2,3.4156362675266605,1.6156362675266605,1859.7838016089754,3347.6108428961556
82,2,3.4303397970969804,1.6303397970969808,2267.9312362972305,4082.276225335014
83,2,3.479960939792771,1.6799609397927713,2246.899061345084,4044.4183104211506
84,2,3.3880177035884653,1.5880177035884655,2327.063580669717,4188.71444520549
85,2,3.457408153882633,1.657408153882633,1436.6144852156976,2585.9060733882557
86,2,3.45488885571307,1.6548888557130703,2068.137762609584,3722.647972697251
87,2,3.526285115829851,1.7262851158298511,2000.403166722181,3600.7257000999257
88,2,3.4630487524529387,1.6630487524529387,2061.811187339036,3711.2601372102654
89,2,4.492471396029588,1.4924713960295881,1275.9208569970203,3827.762570991061
90,2,3.184416913524772,1.384416913524772,2250.5947671369004,4051.070580846421
91,2,3.1630549662290113,1.3630549662290117,1823.7544771244313,3282.7580588239757
92,2,3.2746000623587133,1.4746000623587134,2227.3933929015348,4009.3081072227624
93,2,3.370908030501476,1.5709080305014762,1982.9999806258336,3569.3999651265003
94,2,3.3023970441161277,1.5023970441161278,1924.1058088934024,3463.3904560081237
95,2,3.184897671383299,1.3848976713832992,1922.546008288201,3460.5828149187614
96,2,3.0907564113770567,1.2907564113770569,2057.1770883704176,3702.918759066751
97,2,3.157787414435325,1.3577874144353252,2041.535760810872,3674.7643694595695
98,2,3.3447699043655605,1.5447699043655605,1868.555258627401,3363.399465529322
99,2,3.3660275478853716,1.5660275478853716,2118.6524563404714,3813.5744214128486
